src/App.tsx(1,1): error TS6133: 'React' is declared but its value is never read.
src/components/dashboard/DashboardWidgets.tsx(1,1): error TS6133: 'React' is declared but its value is never read.
src/pages/Features.tsx(1,1): error TS6133: 'React' is declared but its value is never read.
src/pages/index.tsx(1,1): error TS6133: 'React' is declared but its value is never read.
src/services/SimulationService.tsx(4,1): error TS6133: 'Truck' is declared but its value is never read.
